                               Shipping Request

What is being shipped:

Requested by:                                         Signature:

Registered by:                                        Signature:

Approved by:                                          Signature:

Executed by:                                          Signature: