This text is a part of the watermark
This text is a part of the page